
R version 2.10.1 (2009-12-14)
Copyright (C) 2009 The R Foundation for Statistical Computing
ISBN 3-900051-07-0

R is free software and comes with ABSOLUTELY NO WARRANTY.
You are welcome to redistribute it under certain conditions.
Type 'license()' or 'licence()' for distribution details.

  Natural language support but running in an English locale

R is a collaborative project with many contributors.
Type 'contributors()' for more information and
'citation()' on how to cite R or R packages in publications.

Type 'demo()' for some demos, 'help()' for on-line help, or
'help.start()' for an HTML browser interface to help.
Type 'q()' to quit R.

> ###INPUT DATA INTO R
> #Read lifespan table into R
> lifespan = read.csv("lifespan.csv");
> 
> #Read growth fitness table into R
> fit = read.csv("growth.fitness.hom.csv");
> fit$orf = as.character( fit$orf ); 
> 
> #Read evolutionary distance table into R
> data = read.csv( "Sce.Spa.KaKs.csv");
> 
> #input protein interaction pairs
> pairs = read.csv("pairs.csv");
> pairs$ORF1 = as.character( pairs$ORF1 );
> pairs$ORF2 = as.character( pairs$ORF2 );
> 
> #calculate connecting degrees for proteins
> ids = c(pairs$ORF1, pairs$ORF2);
> degree = table( ids );
> 
> # summarize the results in a dataframe 'net'
> net = data.frame(degree);
> str(net);
'data.frame':   4478 obs. of  2 variables:
 $ ids : Factor w/ 4478 levels "YAL001C","YAL002W",..: 1 2 3 4 5 6 7 8 9 10 ...
 $ Freq: int  1 3 3 2 7 24 5 4 3 5 ...
> net$id = as.character( net$id);
> 
> #visual examination to double the merged results
> head(data)
  orfname   Ka   Ks Omega
1 YAL005C 0.01 0.12  0.07
2 YAL007C 0.01 0.23  0.06
3 YAL008W   NA   NA    NA
4 YAL009W 0.02 0.22  0.09
5 YAL010C 0.05 0.26  0.18
6 YAL012W 0.01 0.16  0.04
> net[net$id=='YAL005C', ]
      ids Freq      id
5 YAL005C    7 YAL005C
> net[net$id=='YAL012W', ]
       ids Freq      id
10 YAL012W    5 YAL012W
> 
> #Read mutant table into R
> scmd = read.table( "mutant data.tab", sep="\t", header=T)
> 
> #calculate the variance by column
> row.names(scmd) = as.character( scmd$name )
> for( j in 2:502 ){
+  scmd[,j] = ( scmd[,j] - mean(scmd[,j],na.rm=T) )/ sqrt( var( scmd[,j], na.rm=T))
+ };
> 
> #calculate the standard deviation by row
> for ( i in 1:4718){
+ scmd$stddev[i] = sqrt(var( t(scmd[i,2:502]), na.rm=T ) )}; 
> 
> 
> ### The Log of FITNESS VS EVOLUTIONARY RATE REGRESSION ANALYSIS
> #match fitness to evolutionary rate
> fit$Ka = data$Ka[match(fit$orf, data$orfname)];
> 
> #perform regression analysis and summarize results
> m = lm(log(fit$YPE) ~ fit$Ka);
> summary(m);

Call:
lm(formula = log(fit$YPE) ~ fit$Ka)

Residuals:
    Min      1Q  Median      3Q     Max 
-1.1836  0.0497  0.0870  0.1057  0.1938 

Coefficients:
            Estimate Std. Error t value Pr(>|t|)    
(Intercept) -0.10222    0.01588  -6.438  2.3e-10 ***
fit$Ka       0.50541    0.29319   1.724   0.0852 .  
---
Signif. codes:  0 ‘***’ 0.001 ‘**’ 0.01 ‘*’ 0.05 ‘.’ 0.1 ‘ ’ 1 

Residual standard error: 0.2398 on 676 degrees of freedom
  (2028 observations deleted due to missingness)
Multiple R-squared: 0.004377,   Adjusted R-squared: 0.002904 
F-statistic: 2.972 on 1 and 676 DF,  p-value: 0.0852 

> 
> 
> ### THE Log OF FITNESS VS Log of NUMBER OF PROTEIN INTERACTIONS REGRESSION ANALYSIS
> #match fitness to degree
> fit$degree = net$degree[match(fit$orf, net$id )];
> 
> #match fitness to Frequency
> fit$Freq = net$Freq[match(fit$orf,net$id)];
> 
> #perform regression analysis and summarize data
> m = lm(log(fit$YPE) ~ log(fit$Freq));
> summary(m);

Call:
lm(formula = log(fit$YPE) ~ log(fit$Freq))

Residuals:
     Min       1Q   Median       3Q      Max 
-1.66062  0.03755  0.08946  0.10929  0.20663 

Coefficients:
               Estimate Std. Error t value Pr(>|t|)    
(Intercept)   -0.073063   0.009448  -7.733 1.91e-14 ***
log(fit$Freq) -0.011632   0.006463  -1.800   0.0721 .  
---
Signif. codes:  0 ‘***’ 0.001 ‘**’ 0.01 ‘*’ 0.05 ‘.’ 0.1 ‘ ’ 1 

Residual standard error: 0.2436 on 1500 degrees of freedom
  (1204 observations deleted due to missingness)
Multiple R-squared: 0.002155,   Adjusted R-squared: 0.00149 
F-statistic: 3.239 on 1 and 1500 DF,  p-value: 0.07209 

> 
> 
> ###EVOLUTIONARY RATE VS log of NUMBER OF PROTEIN INTERACTIONS REGRESSION ANALYSIS
> #match data to net
> data$degree = net$degree[match(data$orfname, net$id)];
> 
> #match evolutionary distance to Frequency
> data$Freq = net$Freq[match(data$orfname, net$id )];
> 
> #perform regression analysis and summarize data
> m = lm(data$Ka ~ log(data$Freq));
> summary(m);

Call:
lm(formula = data$Ka ~ log(data$Freq))

Residuals:
     Min       1Q   Median       3Q      Max 
-0.04982 -0.02163 -0.00546  0.01454  0.28018 

Coefficients:
                 Estimate Std. Error t value Pr(>|t|)    
(Intercept)     0.0498227  0.0010868  45.843   <2e-16 ***
log(data$Freq) -0.0062935  0.0006632  -9.489   <2e-16 ***
---
Signif. codes:  0 ‘***’ 0.001 ‘**’ 0.01 ‘*’ 0.05 ‘.’ 0.1 ‘ ’ 1 

Residual standard error: 0.03229 on 2274 degrees of freedom
  (1096 observations deleted due to missingness)
Multiple R-squared: 0.03809,    Adjusted R-squared: 0.03766 
F-statistic: 90.04 on 1 and 2274 DF,  p-value: < 2.2e-16 

> 
> 
> ###MORPHOLOGICAL PLASTICITY VS log of FITNESS REGRESSION ANALYSIS
> #match fitness to morphological plasticity 
> scmd$YPE = fit$YPE[match(scmd$name, fit$orf)];
> 
> #perform regression analysis and summarize results
> m = lm(log(scmd$YPE) ~ scmd$stddev);
> summary (m);

Call:
lm(formula = log(scmd$YPE) ~ scmd$stddev)

Residuals:
     Min       1Q   Median       3Q      Max 
-1.68418  0.03697  0.07209  0.09612  0.38454 

Coefficients:
            Estimate Std. Error t value Pr(>|t|)    
(Intercept)  0.03497    0.01581   2.212   0.0271 *  
scmd$stddev -0.12197    0.01638  -7.446 1.39e-13 ***
---
Signif. codes:  0 ‘***’ 0.001 ‘**’ 0.01 ‘*’ 0.05 ‘.’ 0.1 ‘ ’ 1 

Residual standard error: 0.2316 on 2119 degrees of freedom
  (2597 observations deleted due to missingness)
Multiple R-squared: 0.0255,     Adjusted R-squared: 0.02504 
F-statistic: 55.45 on 1 and 2119 DF,  p-value: 1.388e-13 

> 
> 
> ###MORPHOLOGICAL PLASTICITY VS lof of PROTEIN INTERACTIONS
> #match morphological plasticity to degree
> scmd$degree = net$degree[match(scmd$name, net$id )];
> 
> #match morphological plasticity to Frequency
> scmd$Freq = net$Freq[match(scmd$name, net$id )];
> 
> #perform regression analysis and summarize results
> m = lm(log(scmd$Freq) ~ scmd$stddev);
> summary(m);

Call:
lm(formula = log(scmd$Freq) ~ scmd$stddev)

Residuals:
     Min       1Q   Median       3Q      Max 
-1.76301 -0.99781 -0.08353  0.58799  4.58612 

Coefficients:
            Estimate Std. Error t value Pr(>|t|)    
(Intercept)  0.75233    0.04881  15.413  < 2e-16 ***
scmd$stddev  0.36590    0.04991   7.332 2.84e-13 ***
---
Signif. codes:  0 ‘***’ 0.001 ‘**’ 0.01 ‘*’ 0.05 ‘.’ 0.1 ‘ ’ 1 

Residual standard error: 0.9601 on 3337 degrees of freedom
  (1379 observations deleted due to missingness)
Multiple R-squared: 0.01585,    Adjusted R-squared: 0.01556 
F-statistic: 53.75 on 1 and 3337 DF,  p-value: 2.839e-13 

> 
