
R version 2.10.1 (2009-12-14)
Copyright (C) 2009 The R Foundation for Statistical Computing
ISBN 3-900051-07-0

R is free software and comes with ABSOLUTELY NO WARRANTY.
You are welcome to redistribute it under certain conditions.
Type 'license()' or 'licence()' for distribution details.

  Natural language support but running in an English locale

R is a collaborative project with many contributors.
Type 'contributors()' for more information and
'citation()' on how to cite R or R packages in publications.

Type 'demo()' for some demos, 'help()' for on-line help, or
'help.start()' for an HTML browser interface to help.
Type 'q()' to quit R.

> ###INPUT DATA INTO R
> #Read lifespan table into R
> lifespan = read.csv("lifespan.csv");
> 
> #Read growth fitness table into R
> fit = read.csv("growth.fitness.hom.csv");
> fit$orf = as.character( fit$orf ); 
> 
> #Read evolutionary distance table into R
> data = read.csv( "Sce.Spa.KaKs.csv");
> 
> #Input protein interaction pairs
> pairs = read.csv("pairs.csv");
> pairs$ORF1 = as.character( pairs$ORF1 );
> pairs$ORF2 = as.character( pairs$ORF2 );
> 
> #Calculate connecting degrees for proteins
> ids = c(pairs$ORF1, pairs$ORF2);
> degree = table( ids );
> 
> #Summarize the results in a dataframe 'net'
> net = data.frame(degree);
> str(net);
'data.frame':   4478 obs. of  2 variables:
 $ ids : Factor w/ 4478 levels "YAL001C","YAL002W",..: 1 2 3 4 5 6 7 8 9 10 ...
 $ Freq: int  1 3 3 2 7 24 5 4 3 5 ...
> net$id = as.character( net$id);
> 
> #Visual examination to double the merged results
> head(data)
  orfname   Ka   Ks Omega
1 YAL005C 0.01 0.12  0.07
2 YAL007C 0.01 0.23  0.06
3 YAL008W   NA   NA    NA
4 YAL009W 0.02 0.22  0.09
5 YAL010C 0.05 0.26  0.18
6 YAL012W 0.01 0.16  0.04
> net[net$id=='YAL005C', ]
      ids Freq      id
5 YAL005C    7 YAL005C
> net[net$id=='YAL012W', ]
       ids Freq      id
10 YAL012W    5 YAL012W
> 
> #Read mutant table into R
> scmd = read.table( "mutant data.tab", sep="\t", header=T)
> 
> #Conduct a normalization by column
> row.names(scmd) = as.character( scmd$name )
> for( j in 2:502 ){
+  scmd[,j] = ( scmd[,j] - mean(scmd[,j],na.rm=T) )/ sqrt( var( scmd[,j], na.rm=T))
+ };
> 
> #Calculate the standard deviation by row
> for( i in 1:4718){scmd$stddev[i] = sqrt(var t(scmd[i],1:502));};
Error: unexpected symbol in "for( i in 1:4718){scmd$stddev[i] = sqrt(var t"
> for ( i in 1:4718){
+ scmd$stddev[i] = sqrt(var( t(scmd[i,2:502]), na.rm=T ) )}; 
> 
> 
> 
> ###FITNESS VS EVOLUTIONARY RATE REGRESSION ANALYSIS
> #match fitness to evolutionary rate
> fit$Ka = data$Ka[match(fit$orf, data$orfname)];
> 
> #Perform regression analysis and summarize results
> m = lm(fit$YPE ~ fit$Ka);
> summay(m);
Error: could not find function "summay"
> 
> 
> ###FITNESS VS NUMBER OF PROTEIN INTERACTIONS REGRESSION ANALYSIS
> #Match fitness to degree
> fit$degree = net$degree[match(fit$orf, net$id )];
> 
> #Match fitness to Frequency
> fit$Freq = net$Freq[match(fit$orf,net$id)];
> 
> #Perform regression analysis and summarize data
> m = lm(fit$YPE ~ fit$Freq);
> summary(m);

Call:
lm(formula = fit$YPE ~ fit$Freq)

Residuals:
     Min       1Q   Median       3Q      Max 
-0.76489  0.01331  0.06467  0.08340  0.21410 

Coefficients:
              Estimate Std. Error t value Pr(>|t|)    
(Intercept)  0.9465916  0.0050111 188.900  < 2e-16 ***
fit$Freq    -0.0012883  0.0004986  -2.584  0.00986 ** 
---
Signif. codes:  0 ‘***’ 0.001 ‘**’ 0.01 ‘*’ 0.05 ‘.’ 0.1 ‘ ’ 1 

Residual standard error: 0.1655 on 1500 degrees of freedom
  (1204 observations deleted due to missingness)
Multiple R-squared: 0.004432,   Adjusted R-squared: 0.003768 
F-statistic: 6.677 on 1 and 1500 DF,  p-value: 0.00986 

> 
> 
> ###EVOLUTIONARY RATE VS NUMBER OF PROTEIN INTERACTIONS REGRESSION ANALYSIS
> #Match data to net
> data$degree = net$degree[match(data$orfname, net$id)];
> 
> #Match evolutionary distance to Frequency
> data$Freq = net$Freq[match(data$orfname, net$id )];
> 
> #Perform regression analysis and summarize data
> m = lm(data$Ka ~ data$Freq);
> summary(m);

Call:
lm(formula = data$Ka ~ data$Freq)

Residuals:
      Min        1Q    Median        3Q       Max 
-0.043643 -0.022979 -0.003643  0.016440  0.286357 

Coefficients:
              Estimate Std. Error t value Pr(>|t|)    
(Intercept)  4.398e-02  7.758e-04  56.684  < 2e-16 ***
data$Freq   -3.321e-04  5.457e-05  -6.085 1.36e-09 ***
---
Signif. codes:  0 ‘***’ 0.001 ‘**’ 0.01 ‘*’ 0.05 ‘.’ 0.1 ‘ ’ 1 

Residual standard error: 0.03265 on 2274 degrees of freedom
  (1096 observations deleted due to missingness)
Multiple R-squared: 0.01602,    Adjusted R-squared: 0.01559 
F-statistic: 37.03 on 1 and 2274 DF,  p-value: 1.363e-09 

> 
> 
> ###MORPHOLOGICAL PLASTICITY VS FITNESS REGRESSION ANALYSIS
> #Match fitness to morphological plasticity 
> scmd$YPE = fit$YPE[match(scmd$name, fit$orf)];
> 
> #Perform regression analysis and summarize results
> m = lm(scmd$YPE ~ scmd$stddev);
> summary (m);

Call:
lm(formula = scmd$YPE ~ scmd$stddev)

Residuals:
     Min       1Q   Median       3Q      Max 
-0.77773  0.01799  0.05185  0.07400  0.31126 

Coefficients:
            Estimate Std. Error t value Pr(>|t|)    
(Intercept)  1.03916    0.01070  97.153   <2e-16 ***
scmd$stddev -0.10108    0.01108  -9.121   <2e-16 ***
---
Signif. codes:  0 ‘***’ 0.001 ‘**’ 0.01 ‘*’ 0.05 ‘.’ 0.1 ‘ ’ 1 

Residual standard error: 0.1567 on 2119 degrees of freedom
  (2597 observations deleted due to missingness)
Multiple R-squared: 0.03777,    Adjusted R-squared: 0.03732 
F-statistic: 83.18 on 1 and 2119 DF,  p-value: < 2.2e-16 

> 
> 
> ###Morphological Plasticty to Evolutionary Distance Regression Analysis
> #Match morphological plasticity to Evolutionary Rate
> scmd$Ka = data$Ka[match(scmd$name, data$orfname)];
> 
> #Perform regression analysis and summarize results
> m = lm(scmd$Ka ~ scmd$stddev);
> summary(m);

Call:
lm(formula = scmd$Ka ~ scmd$stddev)

Residuals:
      Min        1Q    Median        3Q       Max 
-0.046769 -0.025279 -0.005674  0.014592  0.284465 

Coefficients:
             Estimate Std. Error t value Pr(>|t|)    
(Intercept)  0.048601   0.002129  22.832   <2e-16 ***
scmd$stddev -0.003721   0.002193  -1.697   0.0899 .  
---
Signif. codes:  0 ‘***’ 0.001 ‘**’ 0.01 ‘*’ 0.05 ‘.’ 0.1 ‘ ’ 1 

Residual standard error: 0.03393 on 2180 degrees of freedom
  (2536 observations deleted due to missingness)
Multiple R-squared: 0.001319,   Adjusted R-squared: 0.0008607 
F-statistic: 2.879 on 1 and 2180 DF,  p-value: 0.08989 

> 
> 
> ###Morphological Plasticity to Protein Interactions Analysis
> #Match morphological plasticity to degree
> scmd$degree = net$degree[match(scmd$name, net$id )];
> 
> #Match morphological plasticity to Frequency
> scmd$Freq = net$Freq[match(scmd$name, net$id )];
> 
> #Perform regression analysis and summarize results
> m = lm(scmd$Freq ~ scmd$stddev);
> summary(m);

Call:
lm(formula = scmd$Freq ~ scmd$stddev)

Residuals:
     Min       1Q   Median       3Q      Max 
 -8.1349  -3.8288  -2.6285   0.1299 274.9658 

Coefficients:
            Estimate Std. Error t value Pr(>|t|)    
(Intercept)   3.3836     0.4706   7.191 7.92e-13 ***
scmd$stddev   2.0381     0.4811   4.236 2.34e-05 ***
---
Signif. codes:  0 ‘***’ 0.001 ‘**’ 0.01 ‘*’ 0.05 ‘.’ 0.1 ‘ ’ 1 

Residual standard error: 9.256 on 3337 degrees of freedom
  (1379 observations deleted due to missingness)
Multiple R-squared: 0.005349,   Adjusted R-squared: 0.005051 
F-statistic: 17.95 on 1 and 3337 DF,  p-value: 2.335e-05 

> ###FITNESS VS EVOLUTIONARY RATE REGRESSION ANALYSIS
> #match fitness to evolutionary rate
> fit$Ka = data$Ka[match(fit$orf, data$orfname)];
> 
> #Perform regression analysis and summarize results
> m = lm(fit$YPE ~ fit$Ka);
> summary(m);

Call:
lm(formula = fit$YPE ~ fit$Ka)

Residuals:
     Min       1Q   Median       3Q      Max 
-0.65845  0.02630  0.06222  0.07994  0.17052 

Coefficients:
            Estimate Std. Error t value Pr(>|t|)    
(Intercept)  0.92691    0.01094   84.70   <2e-16 ***
fit$Ka       0.40619    0.20207    2.01   0.0448 *  
---
Signif. codes:  0 ‘***’ 0.001 ‘**’ 0.01 ‘*’ 0.05 ‘.’ 0.1 ‘ ’ 1 

Residual standard error: 0.1653 on 676 degrees of freedom
  (2028 observations deleted due to missingness)
Multiple R-squared: 0.005942,   Adjusted R-squared: 0.004471 
F-statistic: 4.041 on 1 and 676 DF,  p-value: 0.04481 

> 
